// Jest Snapshot v1, https://goo.gl/fbAQLP

exports[`SendCamera renders correctly 1`] = `
<View
  collapsable={true}
  pointerEvents="box-none"
  style={
    Object {
      "flex": 1,
    }
  }
>
  <View
    style={
      Object {
        "flex": 1,
      }
    }
  >
    <View
      collapsable={false}
      style={
        Object {
          "backgroundColor": "#eee",
          "flex": 1,
          "flexDirection": "column-reverse",
          "overflow": "hidden",
        }
      }
    >
      <View
        style={
          Object {
            "flex": 1,
          }
        }
      >
        <View
          pointerEvents="auto"
          style={
            Object {
              "bottom": 0,
              "left": 0,
              "opacity": 1,
              "paddingTop": 64,
              "position": "absolute",
              "right": 0,
              "top": 0,
              "transform": Array [
                Object {
                  "translateX": 0,
                },
                Object {
                  "translateY": 0,
                },
              ],
            }
          }
        >
          <View
            accessibilityElementsHidden={false}
            style={
              Object {
                "backgroundColor": "#fff",
                "flex": 1,
              }
            }
          >
            <View
              style={
                Object {
                  "bottom": 0,
                  "left": 0,
                  "position": "absolute",
                  "right": 0,
                  "top": 0,
                }
              }
            >
              <Text
                allowFontScaling={false}
                style={
                  Array [
                    Object {
                      "color": undefined,
                      "fontSize": 12,
                    },
                    Array [
                      Object {
                        "color": "#000",
                        "fontSize": 30,
                      },
                      Object {
                        "color": "#000",
                        "fontSize": 30,
                      },
                      Object {
                        "bottom": 8,
                        "color": "#e5eaea",
                        "fontSize": 26,
                        "left": 8,
                        "padding": 4,
                        "position": "absolute",
                      },
                    ],
                    Object {
                      "fontFamily": "Ionicons",
                      "fontStyle": "normal",
                      "fontWeight": "normal",
                    },
                    Object {},
                  ]
                }
                type="Ionicons"
              >
                
              </Text>
              <Text
                allowFontScaling={false}
                style={
                  Array [
                    Object {
                      "color": undefined,
                      "fontSize": 12,
                    },
                    Array [
                      Object {
                        "color": "#000",
                        "fontSize": 30,
                      },
                      Object {
                        "color": "#000",
                        "fontSize": 30,
                      },
                      Object {
                        "bottom": 8,
                        "color": "#e5eaea",
                        "fontSize": 26,
                        "padding": 4,
                        "position": "absolute",
                        "right": 64,
                      },
                    ],
                    Object {
                      "fontFamily": "Material Design Icons",
                      "fontStyle": "normal",
                      "fontWeight": "normal",
                    },
                    Object {},
                  ]
                }
                type="MaterialCommunityIcons"
              >
                
              </Text>
              <Text
                allowFontScaling={false}
                style={
                  Array [
                    Object {
                      "color": undefined,
                      "fontSize": 12,
                    },
                    Array [
                      Object {
                        "color": "#000",
                        "fontSize": 30,
                      },
                      Object {
                        "color": "#000",
                        "fontSize": 30,
                      },
                      Object {
                        "bottom": 8,
                        "color": "#e5eaea",
                        "fontSize": 26,
                        "padding": 4,
                        "position": "absolute",
                        "right": 8,
                      },
                    ],
                    Object {
                      "fontFamily": "FontAwesome",
                      "fontStyle": "normal",
                      "fontWeight": "normal",
                    },
                    Object {},
                  ]
                }
                testID="paste-clipboard"
                type="FontAwesome"
              >
                
              </Text>
            </View>
          </View>
        </View>
      </View>
      <View
        pointerEvents="box-none"
        style={
          Object {
            "left": 0,
            "position": "absolute",
            "right": 0,
            "top": 0,
          }
        }
      >
        <View
          style={
            Object {
              "backgroundColor": "#fff",
              "transform": Array [
                Object {
                  "translateX": 0,
                },
              ],
            }
          }
        >
          <View
            pointerEvents="box-none"
            style={
              Object {
                "backgroundColor": "#fff",
                "borderBottomColor": "#a7a7aa",
                "borderBottomWidth": 0.5,
                "height": 64,
                "paddingBottom": 0,
                "paddingLeft": 0,
                "paddingRight": 0,
                "paddingTop": 20,
              }
            }
          >
            <View
              style={
                Object {
                  "flex": 1,
                }
              }
            >
              <View
                style={
                  Object {
                    "bottom": 0,
                    "flexDirection": "row",
                    "left": 0,
                    "position": "absolute",
                    "right": 0,
                    "top": 0,
                  }
                }
              >
                <View
                  pointerEvents="box-none"
                  style={
                    Object {
                      "alignItems": "center",
                      "backgroundColor": "transparent",
                      "bottom": 0,
                      "flexDirection": "row",
                      "justifyContent": "center",
                      "left": 0,
                      "opacity": 1,
                      "position": "absolute",
                      "right": 0,
                      "top": 0,
                    }
                  }
                >
                  <Text
                    accessibilityTraits="header"
                    allowFontScaling={false}
                    numberOfLines={1}
                    style={
                      Object {
                        "color": "rgba(0, 0, 0, 0.9)",
                        "fontSize": 17,
                        "fontWeight": "600",
                        "marginHorizontal": 16,
                        "textAlign": "center",
                      }
                    }
                  />
                </View>
              </View>
            </View>
          </View>
        </View>
      </View>
    </View>
  </View>
</View>
`;
